// Jest Snapshot v1, https://goo.gl/fbAQLP

exports[`SocialMedia has right SocialMedia component snapshot 1`] = `
<div>
  <h2>
    Social Media Info!!
  </h2>
  <h3
    className="text-center"
  >
    Demo of Testing Props, States, Events, JSX, Styles, Snapshot Testing
  </h3>
  <p>
    Top Social Media Platform of Genesys
  </p>
  <p
    data-testid="followersDetails"
    style={
      {
        "backgroundColor": "#ffff00",
      }
    }
  >
    YouTube
     with 
    500K+
     followers
  </p>
  <input
    onChange={[Function]}
    placeholder="Enter Country Name"
    type="text"
    value="India"
  />
  <p
    data-testid="websiteInfo"
  >
    Visit Genesys 
    India
     Website
  </p>
</div>
`;
